// Jest Snapshot v1, https://goo.gl/fbAQLP

exports[`renders button correctly 1`] = `
<DocumentFragment>
  <button
    class="button"
  >
    I am a button
  </button>
</DocumentFragment>
`;
